// Jest Snapshot v1, https://goo.gl/fbAQLP

exports[`Login should render the component 1`] = `
Object {
  "asFragment": [Function],
  "baseElement": <body>
    <div>
      <div
        class="m-5 row"
      >
        <div
          class="col-md-12"
        >
          <h1
            class="text-center"
          >
            Employee Polls App
          </h1>
        </div>
      </div>
      <div
        class="row"
      >
        <div
          class="col-md-6"
        >
          <img
            class="img-fluid"
            src="lets-vote.png"
            width="350"
          />
        </div>
        <div
          class="col-md-6"
        >
          <form
            class="login-form ml-3"
            name="user-login-form"
          >
            <div
              class="mb-3"
            >
              <h3>
                Login
              </h3>
            </div>
            <div
              class="mb-3"
            >
              <div
                class="form-floating"
              >
                <select
                  aria-label="Select your User"
                  class="form-select form-select-lg"
                  data-testid="user-select"
                  id="user-select"
                >
                  <option
                    disabled=""
                    selected=""
                    value="default"
                  >
                    What's your user?
                  </option>
                </select>
                <label
                  for="user-select"
                >
                  Select your User
                </label>
              </div>
            </div>
            <div
              class="mb-3"
            >
              <div
                class="form-floating"
              >
                <input
                  class="form-control form-control-lg"
                  data-testid="user-password"
                  id="user-password"
                  placeholder="Password"
                  type="password"
                  value=""
                />
                <label
                  for="user-password"
                >
                  Password
                </label>
              </div>
            </div>
            <div
              class="mb-3"
            >
              <button
                class="login-form-button btn btn-primary"
                data-testid="login-form-button"
                disabled=""
                id="login-form-button"
                type="submit"
              >
                Log in
              </button>
            </div>
          </form>
        </div>
      </div>
    </div>
  </body>,
  "container": <div>
    <div
      class="m-5 row"
    >
      <div
        class="col-md-12"
      >
        <h1
          class="text-center"
        >
          Employee Polls App
        </h1>
      </div>
    </div>
    <div
      class="row"
    >
      <div
        class="col-md-6"
      >
        <img
          class="img-fluid"
          src="lets-vote.png"
          width="350"
        />
      </div>
      <div
        class="col-md-6"
      >
        <form
          class="login-form ml-3"
          name="user-login-form"
        >
          <div
            class="mb-3"
          >
            <h3>
              Login
            </h3>
          </div>
          <div
            class="mb-3"
          >
            <div
              class="form-floating"
            >
              <select
                aria-label="Select your User"
                class="form-select form-select-lg"
                data-testid="user-select"
                id="user-select"
              >
                <option
                  disabled=""
                  selected=""
                  value="default"
                >
                  What's your user?
                </option>
              </select>
              <label
                for="user-select"
              >
                Select your User
              </label>
            </div>
          </div>
          <div
            class="mb-3"
          >
            <div
              class="form-floating"
            >
              <input
                class="form-control form-control-lg"
                data-testid="user-password"
                id="user-password"
                placeholder="Password"
                type="password"
                value=""
              />
              <label
                for="user-password"
              >
                Password
              </label>
            </div>
          </div>
          <div
            class="mb-3"
          >
            <button
              class="login-form-button btn btn-primary"
              data-testid="login-form-button"
              disabled=""
              id="login-form-button"
              type="submit"
            >
              Log in
            </button>
          </div>
        </form>
      </div>
    </div>
  </div>,
  "debug": [Function],
  "findAllByAltText": [Function],
  "findAllByDisplayValue": [Function],
  "findAllByLabelText": [Function],
  "findAllByPlaceholderText": [Function],
  "findAllByRole": [Function],
  "findAllByTestId": [Function],
  "findAllByText": [Function],
  "findAllByTitle": [Function],
  "findByAltText": [Function],
  "findByDisplayValue": [Function],
  "findByLabelText": [Function],
  "findByPlaceholderText": [Function],
  "findByRole": [Function],
  "findByTestId": [Function],
  "findByText": [Function],
  "findByTitle": [Function],
  "getAllByAltText": [Function],
  "getAllByDisplayValue": [Function],
  "getAllByLabelText": [Function],
  "getAllByPlaceholderText": [Function],
  "getAllByRole": [Function],
  "getAllByTestId": [Function],
  "getAllByText": [Function],
  "getAllByTitle": [Function],
  "getByAltText": [Function],
  "getByDisplayValue": [Function],
  "getByLabelText": [Function],
  "getByPlaceholderText": [Function],
  "getByRole": [Function],
  "getByTestId": [Function],
  "getByText": [Function],
  "getByTitle": [Function],
  "queryAllByAltText": [Function],
  "queryAllByDisplayValue": [Function],
  "queryAllByLabelText": [Function],
  "queryAllByPlaceholderText": [Function],
  "queryAllByRole": [Function],
  "queryAllByTestId": [Function],
  "queryAllByText": [Function],
  "queryAllByTitle": [Function],
  "queryByAltText": [Function],
  "queryByDisplayValue": [Function],
  "queryByLabelText": [Function],
  "queryByPlaceholderText": [Function],
  "queryByRole": [Function],
  "queryByTestId": [Function],
  "queryByText": [Function],
  "queryByTitle": [Function],
  "rerender": [Function],
  "unmount": [Function],
}
`;
